administrativně vymezená území s vlastní správou	=>	REGION	
orgány, organizační složky a příspěvkové organizace veřejné správy	=>	PUBLIC_ADMINISTRATION	
sdružení organizací	=>	ORGANIZATION	
vojenské a bezpečnostní jednotky	=>	ARMY	
organizace založené za účelem podnikání	=>	COMPANY	
politické organizace	=>	POLITICAL_PARTY	
náboženské organizace a instituce	=>	CHURCH	
kulturní, výchovné, výzkumné a zdravotnické organizace a instituce	=>	HEALTH_AND_EDU	
nadace a nadační fondy	=>	CHARITY	
profesní a zájmové organizace	=>	GUILD	
spolky, společenské organizace	=>	CLUB	
pojmenované části korporací	=>	BRANCH	
fyzická osoba	=>	PERSON_INDIVIDUAL	
fiktivní fyzická osoba	=>	FICTIVE_INDIVIDUAL	
bytost	=>	PERSON_BEING	
zvíře	=>	PERSON_ANIMAL	
rodina, rod	=>	FAMILY	
větev rodu	=>	FAMILY_BRANCH	
fiktivní rod	=>	FICTIVE_DYNASTY	
administrativně či jinak lidmi vymezená území	=>	GEO_UNIT	
administrativně vymezené části přírody	=>	GEO_NATURE_RES	
vymezené obvody a správní celky	=>	GEO_ADMIN_UNIT	
geomorfologické útvary na dně moře	=>	GEO_SEA_FORMATION	
geomorfologické útvary na zemském povrchu	=>	GEO_FORMATION	
vodstvo a vodní plocha, vodní tok	=>	GEO_WATERS	
pojmenované útvary	=>	GEO_SHAPES	
pojmenované trvalé klimatické jevy	=>	GEO_CLIMATIC_PHEN	
Vesmír a jeho části	=>	GEO_SPACE	
organizované akce a události	=>	EVENT_EVENT	
ozbrojené střety (bitvy, války, obléhání...)	=>	EVENT_MILITARY	
lidové zvyky, významné dny a svátky	=>	EVENT_TRADITION	
dočasné přírodní jevy	=>	EVENT_NATURE	
autorská a umělecká díla	=>	ARTWORK_ARTWORK	
všeobecně známé dokumenty, smlouvy, zákony, předpisy, normy	=>	ARTWORK_CHARTER	
vyznamenání, ceny, soutěžní trofeje	=>	ARTWORK_AWARD	
výrobky a jejich typová označení, obchodní značky, odrůdy, plemena vytvořená člověkem	=>	ARTWORK_PROD	
názvy společenských, dětských her	=>	ARTWORK_	
programy, projekty, granty	=>	ARTWORK_PROJ	
stavby, trasy, zásahy do přírodních útvarů s vlastním jménem nebo jinou identifikací	=>	ARTWORK_CONSTR	
nepojmenované objekty a jejich fyzické části	=>	TERM_GENERAL	
kategorie a skupiny nepojmenovaných osob	=>	TERM_PERSON	
kategorie a skupiny nepojmenovaných korporací	=>	TERM_CORP	
materiály a techniky	=>	TERM_MATER	
formy a žánry	=>	TERM_GENRE	
systematická nomenklatura	=>	TERM_NOMENC	
abstraktní entity	=>	TERM_ABSTRACT	
rod/rodina	=>	FAMILY	
